MPLINK 5.08, LINKER
Linker Map File - Created Thu Oct 20 22:54:50 2022

                                 Section Info
                  Section       Type    Address   Location Size(Bytes)
                ---------  ---------  ---------  ---------  ---------
                 RES_VECT       code   0x000000    program   0x000002
                   .cinit    romdata   0x000001    program   0x000004
                   .org_0       code   0x000004    program   0x000002
                MAIN_PROG       code   0x000005    program   0x0000a6
.config_2007_BUILD/DEFAULT/PRODUCTION/PIC_8B_       code   0x002007    program   0x000002
.config_2008_BUILD/DEFAULT/PRODUCTION/PIC_8B_       code   0x002008    program   0x000002



                              Program Memory Usage 
                               Start         End      
                           ---------   ---------      
                            0x000000    0x000002      
                            0x000004    0x000057      
                            0x002007    0x002008      
            89 out of 8455 program addresses used, program memory utilization is 1%



                              Symbols - Sorted by Name
                     Name    Address   Location    Storage File                     
                ---------  ---------  ---------  --------- ---------                
              IRQ_Handler   0x000050    program     static C:\Users\NUC\MPLABXProjects\asm_16f887_led_patterns_tmr0.X\pic_8b_simple.asm
                     IRQn   0x000043    program     static C:\Users\NUC\MPLABXProjects\asm_16f887_led_patterns_tmr0.X\pic_8b_simple.asm
              LedPatterns   0x00002c    program     static C:\Users\NUC\MPLABXProjects\asm_16f887_led_patterns_tmr0.X\pic_8b_simple.asm
                     Loop   0x00001c    program     static C:\Users\NUC\MPLABXProjects\asm_16f887_led_patterns_tmr0.X\pic_8b_simple.asm
                    START   0x000005    program     static C:\Users\NUC\MPLABXProjects\asm_16f887_led_patterns_tmr0.X\pic_8b_simple.asm
                 TMR0_ISR   0x000033    program     static C:\Users\NUC\MPLABXProjects\asm_16f887_led_patterns_tmr0.X\pic_8b_simple.asm
                    Table   0x000023    program     static C:\Users\NUC\MPLABXProjects\asm_16f887_led_patterns_tmr0.X\pic_8b_simple.asm
                  exitISR   0x000056    program     static C:\Users\NUC\MPLABXProjects\asm_16f887_led_patterns_tmr0.X\pic_8b_simple.asm



                              Symbols - Sorted by Address
                     Name    Address   Location    Storage File                     
                ---------  ---------  ---------  --------- ---------                
                    START   0x000005    program     static C:\Users\NUC\MPLABXProjects\asm_16f887_led_patterns_tmr0.X\pic_8b_simple.asm
                     Loop   0x00001c    program     static C:\Users\NUC\MPLABXProjects\asm_16f887_led_patterns_tmr0.X\pic_8b_simple.asm
                    Table   0x000023    program     static C:\Users\NUC\MPLABXProjects\asm_16f887_led_patterns_tmr0.X\pic_8b_simple.asm
              LedPatterns   0x00002c    program     static C:\Users\NUC\MPLABXProjects\asm_16f887_led_patterns_tmr0.X\pic_8b_simple.asm
                 TMR0_ISR   0x000033    program     static C:\Users\NUC\MPLABXProjects\asm_16f887_led_patterns_tmr0.X\pic_8b_simple.asm
                     IRQn   0x000043    program     static C:\Users\NUC\MPLABXProjects\asm_16f887_led_patterns_tmr0.X\pic_8b_simple.asm
              IRQ_Handler   0x000050    program     static C:\Users\NUC\MPLABXProjects\asm_16f887_led_patterns_tmr0.X\pic_8b_simple.asm
                  exitISR   0x000056    program     static C:\Users\NUC\MPLABXProjects\asm_16f887_led_patterns_tmr0.X\pic_8b_simple.asm


