MPLINK 5.08, LINKER
Linker Map File - Created Mon Oct 24 01:35:59 2022

                                 Section Info
                  Section       Type    Address   Location Size(Bytes)
                ---------  ---------  ---------  ---------  ---------
                 RES_VECT       code   0x000000    program   0x000002
                   .cinit    romdata   0x000001    program   0x000004
                   .org_0       code   0x000004    program   0x000002
                MAIN_PROG       code   0x000005    program   0x00003a
.config_2007_BUILD/DEFAULT/PRODUCTION/PIC_8B_       code   0x002007    program   0x000002



                              Program Memory Usage 
                               Start         End      
                           ---------   ---------      
                            0x000000    0x000002      
                            0x000004    0x000021      
                            0x002007    0x002007      
            34 out of 1158 program addresses used, program memory utilization is 2%



                              Symbols - Sorted by Name
                     Name    Address   Location    Storage File                     
                ---------  ---------  ---------  --------- ---------                
                    Again   0x00001f    program     static C:\Users\NUC\MPLABXProject\asm_16f627a_bin_counter.X\pic_8b_simple.asm
                    COUNT   0x00000e    program     static C:\Users\NUC\MPLABXProject\asm_16f627a_bin_counter.X\pic_8b_simple.asm
                    Delay   0x00001d    program     static C:\Users\NUC\MPLABXProject\asm_16f627a_bin_counter.X\pic_8b_simple.asm
                  RB0_ISR   0x000011    program     static C:\Users\NUC\MPLABXProject\asm_16f627a_bin_counter.X\pic_8b_simple.asm
                    START   0x000005    program     static C:\Users\NUC\MPLABXProject\asm_16f627a_bin_counter.X\pic_8b_simple.asm
                     Wait   0x000017    program     static C:\Users\NUC\MPLABXProject\asm_16f627a_bin_counter.X\pic_8b_simple.asm
                  exitISR   0x00001c    program     static C:\Users\NUC\MPLABXProject\asm_16f627a_bin_counter.X\pic_8b_simple.asm



                              Symbols - Sorted by Address
                     Name    Address   Location    Storage File                     
                ---------  ---------  ---------  --------- ---------                
                    START   0x000005    program     static C:\Users\NUC\MPLABXProject\asm_16f627a_bin_counter.X\pic_8b_simple.asm
                    COUNT   0x00000e    program     static C:\Users\NUC\MPLABXProject\asm_16f627a_bin_counter.X\pic_8b_simple.asm
                  RB0_ISR   0x000011    program     static C:\Users\NUC\MPLABXProject\asm_16f627a_bin_counter.X\pic_8b_simple.asm
                     Wait   0x000017    program     static C:\Users\NUC\MPLABXProject\asm_16f627a_bin_counter.X\pic_8b_simple.asm
                  exitISR   0x00001c    program     static C:\Users\NUC\MPLABXProject\asm_16f627a_bin_counter.X\pic_8b_simple.asm
                    Delay   0x00001d    program     static C:\Users\NUC\MPLABXProject\asm_16f627a_bin_counter.X\pic_8b_simple.asm
                    Again   0x00001f    program     static C:\Users\NUC\MPLABXProject\asm_16f627a_bin_counter.X\pic_8b_simple.asm


