MPLINK 5.08, LINKER
Linker Map File - Created Mon Oct 17 23:21:01 2022

                                 Section Info
                  Section       Type    Address   Location Size(Bytes)
                ---------  ---------  ---------  ---------  ---------
                 RES_VECT       code   0x000000    program   0x000002
                   .cinit    romdata   0x000001    program   0x000004
                   .org_0       code   0x000004    program   0x000002
                MAIN_PROG       code   0x000005    program   0x000080
.config_2007_BUILD/DEFAULT/PRODUCTION/PIC_8B_       code   0x002007    program   0x000002
.config_2008_BUILD/DEFAULT/PRODUCTION/PIC_8B_       code   0x002008    program   0x000002



                              Program Memory Usage 
                               Start         End      
                           ---------   ---------      
                            0x000000    0x000002      
                            0x000004    0x000044      
                            0x002007    0x002008      
            70 out of 8455 program addresses used, program memory utilization is 0%



                              Symbols - Sorted by Name
                     Name    Address   Location    Storage File                     
                ---------  ---------  ---------  --------- ---------                
                  IntServ   0x000022    program     static C:\Users\NUC\MPLABXProjects\asm_RB0_interrupt.X\pic_8b_general.asm
                    Jloop   0x00003f    program     static C:\Users\NUC\MPLABXProjects\asm_RB0_interrupt.X\pic_8b_general.asm
                    Kloop   0x000040    program     static C:\Users\NUC\MPLABXProjects\asm_RB0_interrupt.X\pic_8b_general.asm
                       L1   0x00001e    program     static C:\Users\NUC\MPLABXProjects\asm_RB0_interrupt.X\pic_8b_general.asm
                   LIGHTS   0x00001a    program     static C:\Users\NUC\MPLABXProjects\asm_RB0_interrupt.X\pic_8b_general.asm
                LongDelay   0x00003d    program     static C:\Users\NUC\MPLABXProjects\asm_RB0_interrupt.X\pic_8b_general.asm
                    START   0x000005    program     static C:\Users\NUC\MPLABXProjects\asm_RB0_interrupt.X\pic_8b_general.asm
                     WAIT   0x00002c    program     static C:\Users\NUC\MPLABXProjects\asm_RB0_interrupt.X\pic_8b_general.asm
                    delay   0x000038    program     static C:\Users\NUC\MPLABXProjects\asm_RB0_interrupt.X\pic_8b_general.asm
                  exitISR   0x000032    program     static C:\Users\NUC\MPLABXProjects\asm_RB0_interrupt.X\pic_8b_general.asm
                   notRB0   0x000036    program     static C:\Users\NUC\MPLABXProjects\asm_RB0_interrupt.X\pic_8b_general.asm
                   repeat   0x00003a    program     static C:\Users\NUC\MPLABXProjects\asm_RB0_interrupt.X\pic_8b_general.asm



                              Symbols - Sorted by Address
                     Name    Address   Location    Storage File                     
                ---------  ---------  ---------  --------- ---------                
                    START   0x000005    program     static C:\Users\NUC\MPLABXProjects\asm_RB0_interrupt.X\pic_8b_general.asm
                   LIGHTS   0x00001a    program     static C:\Users\NUC\MPLABXProjects\asm_RB0_interrupt.X\pic_8b_general.asm
                       L1   0x00001e    program     static C:\Users\NUC\MPLABXProjects\asm_RB0_interrupt.X\pic_8b_general.asm
                  IntServ   0x000022    program     static C:\Users\NUC\MPLABXProjects\asm_RB0_interrupt.X\pic_8b_general.asm
                     WAIT   0x00002c    program     static C:\Users\NUC\MPLABXProjects\asm_RB0_interrupt.X\pic_8b_general.asm
                  exitISR   0x000032    program     static C:\Users\NUC\MPLABXProjects\asm_RB0_interrupt.X\pic_8b_general.asm
                   notRB0   0x000036    program     static C:\Users\NUC\MPLABXProjects\asm_RB0_interrupt.X\pic_8b_general.asm
                    delay   0x000038    program     static C:\Users\NUC\MPLABXProjects\asm_RB0_interrupt.X\pic_8b_general.asm
                   repeat   0x00003a    program     static C:\Users\NUC\MPLABXProjects\asm_RB0_interrupt.X\pic_8b_general.asm
                LongDelay   0x00003d    program     static C:\Users\NUC\MPLABXProjects\asm_RB0_interrupt.X\pic_8b_general.asm
                    Jloop   0x00003f    program     static C:\Users\NUC\MPLABXProjects\asm_RB0_interrupt.X\pic_8b_general.asm
                    Kloop   0x000040    program     static C:\Users\NUC\MPLABXProjects\asm_RB0_interrupt.X\pic_8b_general.asm


