MPLINK 5.08, LINKER
Linker Map File - Created Wed Sep 28 20:57:09 2022

                                 Section Info
                  Section       Type    Address   Location Size(Bytes)
                ---------  ---------  ---------  ---------  ---------
                 RES_VECT       code   0x000000    program   0x000002
                   .cinit    romdata   0x000001    program   0x000004
                   .org_0       code   0x000004    program   0x000002
                MAIN_PROG       code   0x000005    program   0x000042
.config_2007_BUILD/DEFAULT/PRODUCTION/PIC_8B_       code   0x002007    program   0x000002
.config_2008_BUILD/DEFAULT/PRODUCTION/PIC_8B_       code   0x002008    program   0x000002



                              Program Memory Usage 
                               Start         End      
                           ---------   ---------      
                            0x000000    0x000002      
                            0x000004    0x000025      
                            0x002007    0x002008      
            39 out of 8455 program addresses used, program memory utilization is 0%



                              Symbols - Sorted by Name
                     Name    Address   Location    Storage File                     
                ---------  ---------  ---------  --------- ---------                
                    DELAY   0x000018    program     static C:\Users\NUC\MPLABXProjects\pic16f887_leds_effect.X\pic_8b_general.asm
                    JLOOP   0x00001f    program     static C:\Users\NUC\MPLABXProjects\pic16f887_leds_effect.X\pic_8b_general.asm
                    KLOOP   0x000020    program     static C:\Users\NUC\MPLABXProjects\pic16f887_leds_effect.X\pic_8b_general.asm
               LED_EFFECT   0x00000b    program     static C:\Users\NUC\MPLABXProjects\pic16f887_leds_effect.X\pic_8b_general.asm
                   REPEAT   0x00001a    program     static C:\Users\NUC\MPLABXProjects\pic16f887_leds_effect.X\pic_8b_general.asm
              SHORT_DELAY   0x00001d    program     static C:\Users\NUC\MPLABXProjects\pic16f887_leds_effect.X\pic_8b_general.asm
                    START   0x000005    program     static C:\Users\NUC\MPLABXProjects\pic16f887_leds_effect.X\pic_8b_general.asm
          _MAIN_PROG_000B   0x000010    program     static C:\Users\NUC\MPLABXProjects\pic16f887_leds_effect.X\pic_8b_general.asm
          _MAIN_PROG_0011   0x000016    program     static C:\Users\NUC\MPLABXProjects\pic16f887_leds_effect.X\pic_8b_general.asm



                              Symbols - Sorted by Address
                     Name    Address   Location    Storage File                     
                ---------  ---------  ---------  --------- ---------                
                    START   0x000005    program     static C:\Users\NUC\MPLABXProjects\pic16f887_leds_effect.X\pic_8b_general.asm
               LED_EFFECT   0x00000b    program     static C:\Users\NUC\MPLABXProjects\pic16f887_leds_effect.X\pic_8b_general.asm
          _MAIN_PROG_000B   0x000010    program     static C:\Users\NUC\MPLABXProjects\pic16f887_leds_effect.X\pic_8b_general.asm
          _MAIN_PROG_0011   0x000016    program     static C:\Users\NUC\MPLABXProjects\pic16f887_leds_effect.X\pic_8b_general.asm
                    DELAY   0x000018    program     static C:\Users\NUC\MPLABXProjects\pic16f887_leds_effect.X\pic_8b_general.asm
                   REPEAT   0x00001a    program     static C:\Users\NUC\MPLABXProjects\pic16f887_leds_effect.X\pic_8b_general.asm
              SHORT_DELAY   0x00001d    program     static C:\Users\NUC\MPLABXProjects\pic16f887_leds_effect.X\pic_8b_general.asm
                    JLOOP   0x00001f    program     static C:\Users\NUC\MPLABXProjects\pic16f887_leds_effect.X\pic_8b_general.asm
                    KLOOP   0x000020    program     static C:\Users\NUC\MPLABXProjects\pic16f887_leds_effect.X\pic_8b_general.asm


