MPLINK 5.08, LINKER
Linker Map File - Created Thu Sep 29 01:42:47 2022

                                 Section Info
                  Section       Type    Address   Location Size(Bytes)
                ---------  ---------  ---------  ---------  ---------
                 RES_VECT       code   0x000000    program   0x000002
                   .cinit    romdata   0x000001    program   0x000004
                   .org_0       code   0x000004    program   0x000002
                MAIN_PROG       code   0x000005    program   0x0000ca
.config_2007_BUILD/DEFAULT/PRODUCTION/PIC_8B_       code   0x002007    program   0x000002
.config_2008_BUILD/DEFAULT/PRODUCTION/PIC_8B_       code   0x002008    program   0x000002



                              Program Memory Usage 
                               Start         End      
                           ---------   ---------      
                            0x000000    0x000002      
                            0x000004    0x000069      
                            0x002007    0x002008      
            107 out of 8455 program addresses used, program memory utilization is 1%



                              Symbols - Sorted by Name
                     Name    Address   Location    Storage File                     
                ---------  ---------  ---------  --------- ---------                
                      FOR   0x000063    program     static C:\Users\NUC\MPLABXProjects\pic16f887_lcd.X\pic_8b_general.asm
                 INIT_LCD   0x00000c    program     static C:\Users\NUC\MPLABXProjects\pic16f887_lcd.X\pic_8b_general.asm
                LCD_WRITE   0x00002f    program     static C:\Users\NUC\MPLABXProjects\pic16f887_lcd.X\pic_8b_general.asm
                 REPEAT_2   0x000019    program     static C:\Users\NUC\MPLABXProjects\pic16f887_lcd.X\pic_8b_general.asm
                 REPEAT_3   0x000010    program     static C:\Users\NUC\MPLABXProjects\pic16f887_lcd.X\pic_8b_general.asm
                    START   0x000005    program     static C:\Users\NUC\MPLABXProjects\pic16f887_lcd.X\pic_8b_general.asm
                     WAIT   0x000061    program     static C:\Users\NUC\MPLABXProjects\pic16f887_lcd.X\pic_8b_general.asm
          _MAIN_PROG_0005   0x00000a    program     static C:\Users\NUC\MPLABXProjects\pic16f887_lcd.X\pic_8b_general.asm
          _MAIN_PROG_0028   0x00002d    program     static C:\Users\NUC\MPLABXProjects\pic16f887_lcd.X\pic_8b_general.asm
          _MAIN_PROG_0061   0x000066    program     static C:\Users\NUC\MPLABXProjects\pic16f887_lcd.X\pic_8b_general.asm



                              Symbols - Sorted by Address
                     Name    Address   Location    Storage File                     
                ---------  ---------  ---------  --------- ---------                
                    START   0x000005    program     static C:\Users\NUC\MPLABXProjects\pic16f887_lcd.X\pic_8b_general.asm
          _MAIN_PROG_0005   0x00000a    program     static C:\Users\NUC\MPLABXProjects\pic16f887_lcd.X\pic_8b_general.asm
                 INIT_LCD   0x00000c    program     static C:\Users\NUC\MPLABXProjects\pic16f887_lcd.X\pic_8b_general.asm
                 REPEAT_3   0x000010    program     static C:\Users\NUC\MPLABXProjects\pic16f887_lcd.X\pic_8b_general.asm
                 REPEAT_2   0x000019    program     static C:\Users\NUC\MPLABXProjects\pic16f887_lcd.X\pic_8b_general.asm
          _MAIN_PROG_0028   0x00002d    program     static C:\Users\NUC\MPLABXProjects\pic16f887_lcd.X\pic_8b_general.asm
                LCD_WRITE   0x00002f    program     static C:\Users\NUC\MPLABXProjects\pic16f887_lcd.X\pic_8b_general.asm
                     WAIT   0x000061    program     static C:\Users\NUC\MPLABXProjects\pic16f887_lcd.X\pic_8b_general.asm
                      FOR   0x000063    program     static C:\Users\NUC\MPLABXProjects\pic16f887_lcd.X\pic_8b_general.asm
          _MAIN_PROG_0061   0x000066    program     static C:\Users\NUC\MPLABXProjects\pic16f887_lcd.X\pic_8b_general.asm


