MPLINK 5.08, LINKER
Linker Map File - Created Sun Oct 09 23:34:10 2022

                                 Section Info
                  Section       Type    Address   Location Size(Bytes)
                ---------  ---------  ---------  ---------  ---------
                 RES_VECT       code   0x000000    program   0x000002
                   .cinit    romdata   0x000001    program   0x000004
                   .org_0       code   0x000004    program   0x000002
                MAIN_PROG       code   0x000005    program   0x00003e
.config_2007_BUILD/DEFAULT/PRODUCTION/PIC_8B_       code   0x002007    program   0x000002
.config_2008_BUILD/DEFAULT/PRODUCTION/PIC_8B_       code   0x002008    program   0x000002



                              Program Memory Usage 
                               Start         End      
                           ---------   ---------      
                            0x000000    0x000002      
                            0x000004    0x000023      
                            0x002007    0x002008      
            37 out of 8455 program addresses used, program memory utilization is 0%



                              Symbols - Sorted by Name
                     Name    Address   Location    Storage File                     
                ---------  ---------  ---------  --------- ---------                
                 EXIT_ISR   0x00001f    program     static C:\Users\NUC\MPLABXProjects\pic16f887_timer1.X\pic_8b_general.asm
                    START   0x000005    program     static C:\Users\NUC\MPLABXProjects\pic16f887_timer1.X\pic_8b_general.asm
                 TMR1_ISR   0x000015    program     static C:\Users\NUC\MPLABXProjects\pic16f887_timer1.X\pic_8b_general.asm
          _MAIN_PROG_000F   0x000014    program     static C:\Users\NUC\MPLABXProjects\pic16f887_timer1.X\pic_8b_general.asm



                              Symbols - Sorted by Address
                     Name    Address   Location    Storage File                     
                ---------  ---------  ---------  --------- ---------                
                    START   0x000005    program     static C:\Users\NUC\MPLABXProjects\pic16f887_timer1.X\pic_8b_general.asm
          _MAIN_PROG_000F   0x000014    program     static C:\Users\NUC\MPLABXProjects\pic16f887_timer1.X\pic_8b_general.asm
                 TMR1_ISR   0x000015    program     static C:\Users\NUC\MPLABXProjects\pic16f887_timer1.X\pic_8b_general.asm
                 EXIT_ISR   0x00001f    program     static C:\Users\NUC\MPLABXProjects\pic16f887_timer1.X\pic_8b_general.asm


