MPLINK 5.08, LINKER
Linker Map File - Created Tue Oct 04 23:55:35 2022

                                 Section Info
                  Section       Type    Address   Location Size(Bytes)
                ---------  ---------  ---------  ---------  ---------
                 RES_VECT       code   0x000000    program   0x000002
                   .cinit    romdata   0x000001    program   0x000004
                   .org_0       code   0x000004    program   0x000002
                MAIN_PROG       code   0x000005    program   0x000060
.config_2007_BUILD/DEFAULT/PRODUCTION/PIC_8B_       code   0x002007    program   0x000002
.config_2008_BUILD/DEFAULT/PRODUCTION/PIC_8B_       code   0x002008    program   0x000002



                              Program Memory Usage 
                               Start         End      
                           ---------   ---------      
                            0x000000    0x000002      
                            0x000004    0x000034      
                            0x002007    0x002008      
            54 out of 8455 program addresses used, program memory utilization is 0%



                              Symbols - Sorted by Name
                     Name    Address   Location    Storage File                     
                ---------  ---------  ---------  --------- ---------                
                     AUX1   0x000029    program     static C:\Users\NUC\MPLABXProjects\pic16f887_tmr2_led.X\pic_8b_general.asm
                     AUX2   0x00002b    program     static C:\Users\NUC\MPLABXProjects\pic16f887_tmr2_led.X\pic_8b_general.asm
                     EXIT   0x000030    program     static C:\Users\NUC\MPLABXProjects\pic16f887_tmr2_led.X\pic_8b_general.asm
                 EXIT_ISR   0x000022    program     static C:\Users\NUC\MPLABXProjects\pic16f887_tmr2_led.X\pic_8b_general.asm
                      FOR   0x00002d    program     static C:\Users\NUC\MPLABXProjects\pic16f887_tmr2_led.X\pic_8b_general.asm
                     LOOP   0x000012    program     static C:\Users\NUC\MPLABXProjects\pic16f887_tmr2_led.X\pic_8b_general.asm
                    START   0x000005    program     static C:\Users\NUC\MPLABXProjects\pic16f887_tmr2_led.X\pic_8b_general.asm
                 TMR2_ISR   0x00001a    program     static C:\Users\NUC\MPLABXProjects\pic16f887_tmr2_led.X\pic_8b_general.asm
               delay500ms   0x000027    program     static C:\Users\NUC\MPLABXProjects\pic16f887_tmr2_led.X\pic_8b_general.asm



                              Symbols - Sorted by Address
                     Name    Address   Location    Storage File                     
                ---------  ---------  ---------  --------- ---------                
                    START   0x000005    program     static C:\Users\NUC\MPLABXProjects\pic16f887_tmr2_led.X\pic_8b_general.asm
                     LOOP   0x000012    program     static C:\Users\NUC\MPLABXProjects\pic16f887_tmr2_led.X\pic_8b_general.asm
                 TMR2_ISR   0x00001a    program     static C:\Users\NUC\MPLABXProjects\pic16f887_tmr2_led.X\pic_8b_general.asm
                 EXIT_ISR   0x000022    program     static C:\Users\NUC\MPLABXProjects\pic16f887_tmr2_led.X\pic_8b_general.asm
               delay500ms   0x000027    program     static C:\Users\NUC\MPLABXProjects\pic16f887_tmr2_led.X\pic_8b_general.asm
                     AUX1   0x000029    program     static C:\Users\NUC\MPLABXProjects\pic16f887_tmr2_led.X\pic_8b_general.asm
                     AUX2   0x00002b    program     static C:\Users\NUC\MPLABXProjects\pic16f887_tmr2_led.X\pic_8b_general.asm
                      FOR   0x00002d    program     static C:\Users\NUC\MPLABXProjects\pic16f887_tmr2_led.X\pic_8b_general.asm
                     EXIT   0x000030    program     static C:\Users\NUC\MPLABXProjects\pic16f887_tmr2_led.X\pic_8b_general.asm


