MPLINK 5.08, LINKER
Linker Map File - Created Tue Oct 11 23:07:59 2022

                                 Section Info
                  Section       Type    Address   Location Size(Bytes)
                ---------  ---------  ---------  ---------  ---------
                 RES_VECT       code   0x000000    program   0x000002
                   .cinit    romdata   0x000001    program   0x000004
                   .org_0       code   0x000004    program   0x000002
                MAIN_PROG       code   0x000005    program   0x00005a
.config_2007_BUILD/DEFAULT/PRODUCTION/NEWPIC_       code   0x002007    program   0x000002
.config_2008_BUILD/DEFAULT/PRODUCTION/NEWPIC_       code   0x002008    program   0x000002



                              Program Memory Usage 
                               Start         End      
                           ---------   ---------      
                            0x000000    0x000002      
                            0x000004    0x000031      
                            0x002007    0x002008      
            51 out of 8455 program addresses used, program memory utilization is 0%



                              Symbols - Sorted by Name
                     Name    Address   Location    Storage File                     
                ---------  ---------  ---------  --------- ---------                
                  CONVERT   0x00001b    program     static C:\Users\NUC\MPLABXProjects\pic16f887_7seg_display.X\newpic_8b_general.asm
                     LOOP   0x000019    program     static C:\Users\NUC\MPLABXProjects\pic16f887_7seg_display.X\newpic_8b_general.asm
                    START   0x000005    program     static C:\Users\NUC\MPLABXProjects\pic16f887_7seg_display.X\newpic_8b_general.asm
              UPDATE_DISP   0x00002f    program     static C:\Users\NUC\MPLABXProjects\pic16f887_7seg_display.X\newpic_8b_general.asm



                              Symbols - Sorted by Address
                     Name    Address   Location    Storage File                     
                ---------  ---------  ---------  --------- ---------                
                    START   0x000005    program     static C:\Users\NUC\MPLABXProjects\pic16f887_7seg_display.X\newpic_8b_general.asm
                     LOOP   0x000019    program     static C:\Users\NUC\MPLABXProjects\pic16f887_7seg_display.X\newpic_8b_general.asm
                  CONVERT   0x00001b    program     static C:\Users\NUC\MPLABXProjects\pic16f887_7seg_display.X\newpic_8b_general.asm
              UPDATE_DISP   0x00002f    program     static C:\Users\NUC\MPLABXProjects\pic16f887_7seg_display.X\newpic_8b_general.asm


