MPLINK 5.08, LINKER
Linker Map File - Created Wed Oct 19 21:52:38 2022

                                 Section Info
                  Section       Type    Address   Location Size(Bytes)
                ---------  ---------  ---------  ---------  ---------
                 RES_VECT       code   0x000000    program   0x000002
                   .cinit    romdata   0x000001    program   0x000004
                      ISR       code   0x000004    program   0x000002
                MAIN_PROG       code   0x000005    program   0x00005c
.config_2007_BUILD/DEFAULT/PRODUCTION/PIC_8B_       code   0x002007    program   0x000002



                              Program Memory Usage 
                               Start         End      
                           ---------   ---------      
                            0x000000    0x000002      
                            0x000004    0x000032      
                            0x002007    0x002007      
            51 out of 1158 program addresses used, program memory utilization is 4%



                              Symbols - Sorted by Name
                     Name    Address   Location    Storage File                     
                ---------  ---------  ---------  --------- ---------                
                  EndLoop   0x00001a    program     static C:\Users\NUC\MPLABXProjects\asm_USART_receiver.X\pic_8b_simple.asm
                    START   0x000005    program     static C:\Users\NUC\MPLABXProjects\asm_USART_receiver.X\pic_8b_simple.asm
                  bitWait   0x000029    program     static C:\Users\NUC\MPLABXProjects\asm_USART_receiver.X\pic_8b_simple.asm
                 markWait   0x000030    program     static C:\Users\NUC\MPLABXProjects\asm_USART_receiver.X\pic_8b_simple.asm
               offsetWait   0x000023    program     static C:\Users\NUC\MPLABXProjects\asm_USART_receiver.X\pic_8b_simple.asm
                  rcvData   0x00001b    program     static C:\Users\NUC\MPLABXProjects\asm_USART_receiver.X\pic_8b_simple.asm
                ready2Rcv   0x000013    program     static C:\Users\NUC\MPLABXProjects\asm_USART_receiver.X\pic_8b_simple.asm
                startWait   0x00001e    program     static C:\Users\NUC\MPLABXProjects\asm_USART_receiver.X\pic_8b_simple.asm



                              Symbols - Sorted by Address
                     Name    Address   Location    Storage File                     
                ---------  ---------  ---------  --------- ---------                
                    START   0x000005    program     static C:\Users\NUC\MPLABXProjects\asm_USART_receiver.X\pic_8b_simple.asm
                ready2Rcv   0x000013    program     static C:\Users\NUC\MPLABXProjects\asm_USART_receiver.X\pic_8b_simple.asm
                  EndLoop   0x00001a    program     static C:\Users\NUC\MPLABXProjects\asm_USART_receiver.X\pic_8b_simple.asm
                  rcvData   0x00001b    program     static C:\Users\NUC\MPLABXProjects\asm_USART_receiver.X\pic_8b_simple.asm
                startWait   0x00001e    program     static C:\Users\NUC\MPLABXProjects\asm_USART_receiver.X\pic_8b_simple.asm
               offsetWait   0x000023    program     static C:\Users\NUC\MPLABXProjects\asm_USART_receiver.X\pic_8b_simple.asm
                  bitWait   0x000029    program     static C:\Users\NUC\MPLABXProjects\asm_USART_receiver.X\pic_8b_simple.asm
                 markWait   0x000030    program     static C:\Users\NUC\MPLABXProjects\asm_USART_receiver.X\pic_8b_simple.asm


