MPLINK 5.08, LINKER
Linker Map File - Created Wed Oct 19 22:41:32 2022

                                 Section Info
                  Section       Type    Address   Location Size(Bytes)
                ---------  ---------  ---------  ---------  ---------
                 RES_VECT       code   0x000000    program   0x000002
                   .cinit    romdata   0x000001    program   0x000004
                      ISR       code   0x000004    program   0x000002
                MAIN_PROG       code   0x000005    program   0x00004e
.config_2007_BUILD/DEFAULT/PRODUCTION/PIC_8B_       code   0x002007    program   0x000002



                              Program Memory Usage 
                               Start         End      
                           ---------   ---------      
                            0x000000    0x000002      
                            0x000004    0x00002b      
                            0x002007    0x002007      
            44 out of 2182 program addresses used, program memory utilization is 2%



                              Symbols - Sorted by Name
                     Name    Address   Location    Storage File                     
                ---------  ---------  ---------  --------- ---------                
                    START   0x000005    program     static C:\Users\NUC\MPLABXProjects\asm_USART_74hc164_5.X\pic_8b_simple.asm
                  endLoop   0x00000f    program     static C:\Users\NUC\MPLABXProjects\asm_USART_74hc164_5.X\pic_8b_simple.asm
               in_74HC165   0x00001d    program     static C:\Users\NUC\MPLABXProjects\asm_USART_74hc164_5.X\pic_8b_simple.asm
                  nextBit   0x000022    program     static C:\Users\NUC\MPLABXProjects\asm_USART_74hc164_5.X\pic_8b_simple.asm
              out_74HC164   0x000010    program     static C:\Users\NUC\MPLABXProjects\asm_USART_74hc164_5.X\pic_8b_simple.asm
                  sendBit   0x000014    program     static C:\Users\NUC\MPLABXProjects\asm_USART_74hc164_5.X\pic_8b_simple.asm
                shiftBits   0x000029    program     static C:\Users\NUC\MPLABXProjects\asm_USART_74hc164_5.X\pic_8b_simple.asm



                              Symbols - Sorted by Address
                     Name    Address   Location    Storage File                     
                ---------  ---------  ---------  --------- ---------                
                    START   0x000005    program     static C:\Users\NUC\MPLABXProjects\asm_USART_74hc164_5.X\pic_8b_simple.asm
                  endLoop   0x00000f    program     static C:\Users\NUC\MPLABXProjects\asm_USART_74hc164_5.X\pic_8b_simple.asm
              out_74HC164   0x000010    program     static C:\Users\NUC\MPLABXProjects\asm_USART_74hc164_5.X\pic_8b_simple.asm
                  sendBit   0x000014    program     static C:\Users\NUC\MPLABXProjects\asm_USART_74hc164_5.X\pic_8b_simple.asm
               in_74HC165   0x00001d    program     static C:\Users\NUC\MPLABXProjects\asm_USART_74hc164_5.X\pic_8b_simple.asm
                  nextBit   0x000022    program     static C:\Users\NUC\MPLABXProjects\asm_USART_74hc164_5.X\pic_8b_simple.asm
                shiftBits   0x000029    program     static C:\Users\NUC\MPLABXProjects\asm_USART_74hc164_5.X\pic_8b_simple.asm


