MPLINK 5.08, LINKER
Linker Map File - Created Wed Sep 28 03:12:21 2022

                                 Section Info
                  Section       Type    Address   Location Size(Bytes)
                ---------  ---------  ---------  ---------  ---------
                 RES_VECT       code   0x000000    program   0x000002
                   .cinit    romdata   0x000001    program   0x000004
                   .org_0       code   0x000004    program   0x000002
                MAIN_PROG       code   0x000005    program   0x00003a
.config_2007_BUILD/DEFAULT/PRODUCTION/PIC_8B_       code   0x002007    program   0x000002
.config_2008_BUILD/DEFAULT/PRODUCTION/PIC_8B_       code   0x002008    program   0x000002



                              Program Memory Usage 
                               Start         End      
                           ---------   ---------      
                            0x000000    0x000002      
                            0x000004    0x000021      
                            0x002007    0x002008      
            35 out of 8455 program addresses used, program memory utilization is 0%



                              Symbols - Sorted by Name
                     Name    Address   Location    Storage File                     
                ---------  ---------  ---------  --------- ---------                
                  BLINK_8   0x00000d    program     static C:\Users\NUC\MPLABXProjects\pic16f887_leds.X\pic_8b_general.asm
                    DELAY   0x000014    program     static C:\Users\NUC\MPLABXProjects\pic16f887_leds.X\pic_8b_general.asm
                      FOR   0x000010    program     static C:\Users\NUC\MPLABXProjects\pic16f887_leds.X\pic_8b_general.asm
                    JLOOP   0x00001b    program     static C:\Users\NUC\MPLABXProjects\pic16f887_leds.X\pic_8b_general.asm
                    KLOOP   0x00001c    program     static C:\Users\NUC\MPLABXProjects\pic16f887_leds.X\pic_8b_general.asm
               LONG_DELAY   0x000019    program     static C:\Users\NUC\MPLABXProjects\pic16f887_leds.X\pic_8b_general.asm
                   REPEAT   0x000016    program     static C:\Users\NUC\MPLABXProjects\pic16f887_leds.X\pic_8b_general.asm
                    START   0x000005    program     static C:\Users\NUC\MPLABXProjects\pic16f887_leds.X\pic_8b_general.asm



                              Symbols - Sorted by Address
                     Name    Address   Location    Storage File                     
                ---------  ---------  ---------  --------- ---------                
                    START   0x000005    program     static C:\Users\NUC\MPLABXProjects\pic16f887_leds.X\pic_8b_general.asm
                  BLINK_8   0x00000d    program     static C:\Users\NUC\MPLABXProjects\pic16f887_leds.X\pic_8b_general.asm
                      FOR   0x000010    program     static C:\Users\NUC\MPLABXProjects\pic16f887_leds.X\pic_8b_general.asm
                    DELAY   0x000014    program     static C:\Users\NUC\MPLABXProjects\pic16f887_leds.X\pic_8b_general.asm
                   REPEAT   0x000016    program     static C:\Users\NUC\MPLABXProjects\pic16f887_leds.X\pic_8b_general.asm
               LONG_DELAY   0x000019    program     static C:\Users\NUC\MPLABXProjects\pic16f887_leds.X\pic_8b_general.asm
                    JLOOP   0x00001b    program     static C:\Users\NUC\MPLABXProjects\pic16f887_leds.X\pic_8b_general.asm
                    KLOOP   0x00001c    program     static C:\Users\NUC\MPLABXProjects\pic16f887_leds.X\pic_8b_general.asm


