MPLINK 5.08, LINKER
Linker Map File - Created Tue Oct 04 22:41:30 2022

                                 Section Info
                  Section       Type    Address   Location Size(Bytes)
                ---------  ---------  ---------  ---------  ---------
                 RES_VECT       code   0x000000    program   0x000002
                   .cinit    romdata   0x000001    program   0x000004
                   .org_0       code   0x000004    program   0x000002
                MAIN_PROG       code   0x000005    program   0x00002c
.config_2007_BUILD/DEFAULT/PRODUCTION/PIC_8B_       code   0x002007    program   0x000002



                              Program Memory Usage 
                               Start         End      
                           ---------   ---------      
                            0x000000    0x000002      
                            0x000004    0x00001a      
                            0x002007    0x002007      
            27 out of 2182 program addresses used, program memory utilization is 1%



                              Symbols - Sorted by Name
                     Name    Address   Location    Storage File                     
                ---------  ---------  ---------  --------- ---------                
                 EXIT_ISR   0x000017    program     static C:\Users\NUC\MPLABXProjects\pic16f628a_state_change_inte.X\pic_8b_general.asm
                     LOOP   0x00000d    program     static C:\Users\NUC\MPLABXProjects\pic16f628a_state_change_inte.X\pic_8b_general.asm
                  SCH_ISR   0x00000f    program     static C:\Users\NUC\MPLABXProjects\pic16f628a_state_change_inte.X\pic_8b_general.asm
                    START   0x000005    program     static C:\Users\NUC\MPLABXProjects\pic16f628a_state_change_inte.X\pic_8b_general.asm



                              Symbols - Sorted by Address
                     Name    Address   Location    Storage File                     
                ---------  ---------  ---------  --------- ---------                
                    START   0x000005    program     static C:\Users\NUC\MPLABXProjects\pic16f628a_state_change_inte.X\pic_8b_general.asm
                     LOOP   0x00000d    program     static C:\Users\NUC\MPLABXProjects\pic16f628a_state_change_inte.X\pic_8b_general.asm
                  SCH_ISR   0x00000f    program     static C:\Users\NUC\MPLABXProjects\pic16f628a_state_change_inte.X\pic_8b_general.asm
                 EXIT_ISR   0x000017    program     static C:\Users\NUC\MPLABXProjects\pic16f628a_state_change_inte.X\pic_8b_general.asm


