MPLINK 5.08, LINKER
Linker Map File - Created Tue Oct 11 23:34:43 2022

                                 Section Info
                  Section       Type    Address   Location Size(Bytes)
                ---------  ---------  ---------  ---------  ---------
                 RES_VECT       code   0x000000    program   0x000002
                   .cinit    romdata   0x000001    program   0x000004
                   .org_0       code   0x000004    program   0x000002
                MAIN_PROG       code   0x000005    program   0x00009a
.config_2007_BUILD/DEFAULT/PRODUCTION/NEWPIC_       code   0x002007    program   0x000002



                              Program Memory Usage 
                               Start         End      
                           ---------   ---------      
                            0x000000    0x000002      
                            0x000004    0x000051      
                            0x002007    0x002007      
            82 out of 2182 program addresses used, program memory utilization is 3%



                              Symbols - Sorted by Name
                     Name    Address   Location    Storage File                     
                ---------  ---------  ---------  --------- ---------                
                  CONVERT   0x000024    program     static C:\Users\NUC\MPLABXProjects\pic16f628a_7seg_disp_counter.X\newpic_8b_general.asm
                  DISPLAY   0x000020    program     static C:\Users\NUC\MPLABXProjects\pic16f628a_7seg_disp_counter.X\newpic_8b_general.asm
                 END_PROC   0x00003b    program     static C:\Users\NUC\MPLABXProjects\pic16f628a_7seg_disp_counter.X\newpic_8b_general.asm
                     LOOP   0x00001d    program     static C:\Users\NUC\MPLABXProjects\pic16f628a_7seg_disp_counter.X\newpic_8b_general.asm
                    START   0x000005    program     static C:\Users\NUC\MPLABXProjects\pic16f628a_7seg_disp_counter.X\newpic_8b_general.asm
                 TMR1_ISR   0x00003d    program     static C:\Users\NUC\MPLABXProjects\pic16f628a_7seg_disp_counter.X\newpic_8b_general.asm
                   UPDATE   0x000038    program     static C:\Users\NUC\MPLABXProjects\pic16f628a_7seg_disp_counter.X\newpic_8b_general.asm
                    bank0   0x00003f    program     static C:\Users\NUC\MPLABXProjects\pic16f628a_7seg_disp_counter.X\newpic_8b_general.asm
                 exit_ISR   0x00004d    program     static C:\Users\NUC\MPLABXProjects\pic16f628a_7seg_disp_counter.X\newpic_8b_general.asm



                              Symbols - Sorted by Address
                     Name    Address   Location    Storage File                     
                ---------  ---------  ---------  --------- ---------                
                    START   0x000005    program     static C:\Users\NUC\MPLABXProjects\pic16f628a_7seg_disp_counter.X\newpic_8b_general.asm
                     LOOP   0x00001d    program     static C:\Users\NUC\MPLABXProjects\pic16f628a_7seg_disp_counter.X\newpic_8b_general.asm
                  DISPLAY   0x000020    program     static C:\Users\NUC\MPLABXProjects\pic16f628a_7seg_disp_counter.X\newpic_8b_general.asm
                  CONVERT   0x000024    program     static C:\Users\NUC\MPLABXProjects\pic16f628a_7seg_disp_counter.X\newpic_8b_general.asm
                   UPDATE   0x000038    program     static C:\Users\NUC\MPLABXProjects\pic16f628a_7seg_disp_counter.X\newpic_8b_general.asm
                 END_PROC   0x00003b    program     static C:\Users\NUC\MPLABXProjects\pic16f628a_7seg_disp_counter.X\newpic_8b_general.asm
                 TMR1_ISR   0x00003d    program     static C:\Users\NUC\MPLABXProjects\pic16f628a_7seg_disp_counter.X\newpic_8b_general.asm
                    bank0   0x00003f    program     static C:\Users\NUC\MPLABXProjects\pic16f628a_7seg_disp_counter.X\newpic_8b_general.asm
                 exit_ISR   0x00004d    program     static C:\Users\NUC\MPLABXProjects\pic16f628a_7seg_disp_counter.X\newpic_8b_general.asm


