MPLINK 5.08, LINKER
Linker Map File - Created Tue Oct 04 22:01:13 2022

                                 Section Info
                  Section       Type    Address   Location Size(Bytes)
                ---------  ---------  ---------  ---------  ---------
                 RES_VECT       code   0x000000    program   0x000002
                   .cinit    romdata   0x000001    program   0x000004
                   .org_0       code   0x000004    program   0x000002
                MAIN_PROG       code   0x000005    program   0x000074
.config_2007_BUILD/DEFAULT/PRODUCTION/PIC_8B_       code   0x002007    program   0x000002
.config_2008_BUILD/DEFAULT/PRODUCTION/PIC_8B_       code   0x002008    program   0x000002



                              Program Memory Usage 
                               Start         End      
                           ---------   ---------      
                            0x000000    0x000002      
                            0x000004    0x00003e      
                            0x002007    0x002008      
            64 out of 8455 program addresses used, program memory utilization is 0%



                              Symbols - Sorted by Name
                     Name    Address   Location    Storage File                     
                ---------  ---------  ---------  --------- ---------                
               BLINK_LED1   0x00000e    program     static C:\Users\NUC\MPLABXProjects\pic16f887_RB_interrupt.X\pic_8b_general.asm
               BLINK_LED2   0x000016    program     static C:\Users\NUC\MPLABXProjects\pic16f887_RB_interrupt.X\pic_8b_general.asm
              DELAY_500ms   0x00001e    program     static C:\Users\NUC\MPLABXProjects\pic16f887_RB_interrupt.X\pic_8b_general.asm
                   D_LOOP   0x000021    program     static C:\Users\NUC\MPLABXProjects\pic16f887_RB_interrupt.X\pic_8b_general.asm
                      FOR   0x000025    program     static C:\Users\NUC\MPLABXProjects\pic16f887_RB_interrupt.X\pic_8b_general.asm
                 LED1_FOR   0x000012    program     static C:\Users\NUC\MPLABXProjects\pic16f887_RB_interrupt.X\pic_8b_general.asm
                 LED2_FOR   0x00001a    program     static C:\Users\NUC\MPLABXProjects\pic16f887_RB_interrupt.X\pic_8b_general.asm
                   RB_ISR   0x00002c    program     static C:\Users\NUC\MPLABXProjects\pic16f887_RB_interrupt.X\pic_8b_general.asm
                   REPEAT   0x000035    program     static C:\Users\NUC\MPLABXProjects\pic16f887_RB_interrupt.X\pic_8b_general.asm
                    START   0x000005    program     static C:\Users\NUC\MPLABXProjects\pic16f887_RB_interrupt.X\pic_8b_general.asm
          _MAIN_PROG_0023   0x000028    program     static C:\Users\NUC\MPLABXProjects\pic16f887_RB_interrupt.X\pic_8b_general.asm



                              Symbols - Sorted by Address
                     Name    Address   Location    Storage File                     
                ---------  ---------  ---------  --------- ---------                
                    START   0x000005    program     static C:\Users\NUC\MPLABXProjects\pic16f887_RB_interrupt.X\pic_8b_general.asm
               BLINK_LED1   0x00000e    program     static C:\Users\NUC\MPLABXProjects\pic16f887_RB_interrupt.X\pic_8b_general.asm
                 LED1_FOR   0x000012    program     static C:\Users\NUC\MPLABXProjects\pic16f887_RB_interrupt.X\pic_8b_general.asm
               BLINK_LED2   0x000016    program     static C:\Users\NUC\MPLABXProjects\pic16f887_RB_interrupt.X\pic_8b_general.asm
                 LED2_FOR   0x00001a    program     static C:\Users\NUC\MPLABXProjects\pic16f887_RB_interrupt.X\pic_8b_general.asm
              DELAY_500ms   0x00001e    program     static C:\Users\NUC\MPLABXProjects\pic16f887_RB_interrupt.X\pic_8b_general.asm
                   D_LOOP   0x000021    program     static C:\Users\NUC\MPLABXProjects\pic16f887_RB_interrupt.X\pic_8b_general.asm
                      FOR   0x000025    program     static C:\Users\NUC\MPLABXProjects\pic16f887_RB_interrupt.X\pic_8b_general.asm
          _MAIN_PROG_0023   0x000028    program     static C:\Users\NUC\MPLABXProjects\pic16f887_RB_interrupt.X\pic_8b_general.asm
                   RB_ISR   0x00002c    program     static C:\Users\NUC\MPLABXProjects\pic16f887_RB_interrupt.X\pic_8b_general.asm
                   REPEAT   0x000035    program     static C:\Users\NUC\MPLABXProjects\pic16f887_RB_interrupt.X\pic_8b_general.asm


