MPLINK 5.08, LINKER
Linker Map File - Created Fri Oct 21 03:11:53 2022

                                 Section Info
                  Section       Type    Address   Location Size(Bytes)
                ---------  ---------  ---------  ---------  ---------
                 RES_VECT       code   0x000000    program   0x000002
                   .cinit    romdata   0x000001    program   0x000004
                   .org_0       code   0x000004    program   0x000002
                MAIN_PROG       code   0x000005    program   0x00009c
.config_2007_BUILD/DEFAULT/PRODUCTION/PIC_8B_       code   0x002007    program   0x000002



                              Program Memory Usage 
                               Start         End      
                           ---------   ---------      
                            0x000000    0x000002      
                            0x000004    0x000052      
                            0x002007    0x002007      
            83 out of 4230 program addresses used, program memory utilization is 1%



                              Symbols - Sorted by Name
                     Name    Address   Location    Storage File                     
                ---------  ---------  ---------  --------- ---------                
                  ExitISR   0x00004c    program     static C:\Users\NUC\MPLABXProjects\asm_16f87a_USART_led.X\pic_8b_simple.asm
                 FrameErr   0x000049    program     static C:\Users\NUC\MPLABXProjects\asm_16f87a_USART_led.X\pic_8b_simple.asm
                     Loop   0x000011    program     static C:\Users\NUC\MPLABXProjects\asm_16f87a_USART_led.X\pic_8b_simple.asm
                  OverErr   0x000045    program     static C:\Users\NUC\MPLABXProjects\asm_16f87a_USART_led.X\pic_8b_simple.asm
                  RX_Echo   0x00002c    program     static C:\Users\NUC\MPLABXProjects\asm_16f87a_USART_led.X\pic_8b_simple.asm
                    START   0x000005    program     static C:\Users\NUC\MPLABXProjects\asm_16f87a_USART_led.X\pic_8b_simple.asm
                  TX_Done   0x000025    program     static C:\Users\NUC\MPLABXProjects\asm_16f87a_USART_led.X\pic_8b_simple.asm
                USART_ISR   0x000032    program     static C:\Users\NUC\MPLABXProjects\asm_16f87a_USART_led.X\pic_8b_simple.asm
               USART_Init   0x000014    program     static C:\Users\NUC\MPLABXProjects\asm_16f87a_USART_led.X\pic_8b_simple.asm
qafdhgkj415kghoimmbjnfnnshfihrth   0x000014    program     static C:\Users\NUC\MPLABXProjects\asm_16f87a_USART_led.X\pic_8b_simple.asm



                              Symbols - Sorted by Address
                     Name    Address   Location    Storage File                     
                ---------  ---------  ---------  --------- ---------                
                    START   0x000005    program     static C:\Users\NUC\MPLABXProjects\asm_16f87a_USART_led.X\pic_8b_simple.asm
                     Loop   0x000011    program     static C:\Users\NUC\MPLABXProjects\asm_16f87a_USART_led.X\pic_8b_simple.asm
               USART_Init   0x000014    program     static C:\Users\NUC\MPLABXProjects\asm_16f87a_USART_led.X\pic_8b_simple.asm
qafdhgkj415kghoimmbjnfnnshfihrth   0x000014    program     static C:\Users\NUC\MPLABXProjects\asm_16f87a_USART_led.X\pic_8b_simple.asm
                  TX_Done   0x000025    program     static C:\Users\NUC\MPLABXProjects\asm_16f87a_USART_led.X\pic_8b_simple.asm
                  RX_Echo   0x00002c    program     static C:\Users\NUC\MPLABXProjects\asm_16f87a_USART_led.X\pic_8b_simple.asm
                USART_ISR   0x000032    program     static C:\Users\NUC\MPLABXProjects\asm_16f87a_USART_led.X\pic_8b_simple.asm
                  OverErr   0x000045    program     static C:\Users\NUC\MPLABXProjects\asm_16f87a_USART_led.X\pic_8b_simple.asm
                 FrameErr   0x000049    program     static C:\Users\NUC\MPLABXProjects\asm_16f87a_USART_led.X\pic_8b_simple.asm
                  ExitISR   0x00004c    program     static C:\Users\NUC\MPLABXProjects\asm_16f87a_USART_led.X\pic_8b_simple.asm


