MPLINK 5.08, LINKER
Linker Map File - Created Mon Oct 17 23:28:15 2022

                                 Section Info
                  Section       Type    Address   Location Size(Bytes)
                ---------  ---------  ---------  ---------  ---------
                 RES_VECT       code   0x000000    program   0x000002
                   .cinit    romdata   0x000001    program   0x000004
                   .org_0       code   0x000004    program   0x000002
                MAIN_PROG       code   0x000005    program   0x00005a
.config_2007_BUILD/DEFAULT/PRODUCTION/PIC_8B_       code   0x002007    program   0x000002
.config_2008_BUILD/DEFAULT/PRODUCTION/PIC_8B_       code   0x002008    program   0x000002



                              Program Memory Usage 
                               Start         End      
                           ---------   ---------      
                            0x000000    0x000002      
                            0x000004    0x000031      
                            0x002007    0x002008      
            51 out of 8455 program addresses used, program memory utilization is 0%



                              Symbols - Sorted by Name
                     Name    Address   Location    Storage File                     
                ---------  ---------  ---------  --------- ---------                
                InitCount   0x000017    program     static C:\Users\NUC\MPLABXProjects\asm_TMR0_interrupt.X\pic_8b_simple.asm
                     Loop   0x000018    program     static C:\Users\NUC\MPLABXProjects\asm_TMR0_interrupt.X\pic_8b_simple.asm
               OneHalfSec   0x000019    program     static C:\Users\NUC\MPLABXProjects\asm_TMR0_interrupt.X\pic_8b_simple.asm
                    START   0x000005    program     static C:\Users\NUC\MPLABXProjects\asm_TMR0_interrupt.X\pic_8b_simple.asm
                 TMR0_ISR   0x000020    program     static C:\Users\NUC\MPLABXProjects\asm_TMR0_interrupt.X\pic_8b_simple.asm
                  exitISR   0x00002d    program     static C:\Users\NUC\MPLABXProjects\asm_TMR0_interrupt.X\pic_8b_simple.asm
                  notT0IF   0x000031    program     static C:\Users\NUC\MPLABXProjects\asm_TMR0_interrupt.X\pic_8b_simple.asm



                              Symbols - Sorted by Address
                     Name    Address   Location    Storage File                     
                ---------  ---------  ---------  --------- ---------                
                    START   0x000005    program     static C:\Users\NUC\MPLABXProjects\asm_TMR0_interrupt.X\pic_8b_simple.asm
                InitCount   0x000017    program     static C:\Users\NUC\MPLABXProjects\asm_TMR0_interrupt.X\pic_8b_simple.asm
                     Loop   0x000018    program     static C:\Users\NUC\MPLABXProjects\asm_TMR0_interrupt.X\pic_8b_simple.asm
               OneHalfSec   0x000019    program     static C:\Users\NUC\MPLABXProjects\asm_TMR0_interrupt.X\pic_8b_simple.asm
                 TMR0_ISR   0x000020    program     static C:\Users\NUC\MPLABXProjects\asm_TMR0_interrupt.X\pic_8b_simple.asm
                  exitISR   0x00002d    program     static C:\Users\NUC\MPLABXProjects\asm_TMR0_interrupt.X\pic_8b_simple.asm
                  notT0IF   0x000031    program     static C:\Users\NUC\MPLABXProjects\asm_TMR0_interrupt.X\pic_8b_simple.asm


