MPLINK 5.08, LINKER
Linker Map File - Created Wed Oct 12 00:41:17 2022

                                 Section Info
                  Section       Type    Address   Location Size(Bytes)
                ---------  ---------  ---------  ---------  ---------
                 RES_VECT       code   0x000000    program   0x000002
                   .cinit    romdata   0x000001    program   0x000004
                   .org_0       code   0x000004    program   0x000002
                MAIN_PROG       code   0x000005    program   0x000106
.config_2007_BUILD/DEFAULT/PRODUCTION/NEWPIC_       code   0x002007    program   0x000002



                              Program Memory Usage 
                               Start         End      
                           ---------   ---------      
                            0x000000    0x000002      
                            0x000004    0x000087      
                            0x002007    0x002007      
            136 out of 2182 program addresses used, program memory utilization is 6%



                              Symbols - Sorted by Name
                     Name    Address   Location    Storage File                     
                ---------  ---------  ---------  --------- ---------                
               BTN1_PRESS   0x00001b    program     static C:\Users\NUC\MPLABXProjects\pic16f628a_two_7seg_disp.X\newpic_8b_general.asm
               BTN2_PRESS   0x00003d    program     static C:\Users\NUC\MPLABXProjects\pic16f628a_two_7seg_disp.X\newpic_8b_general.asm
               CHECK_BTN1   0x000020    program     static C:\Users\NUC\MPLABXProjects\pic16f628a_two_7seg_disp.X\newpic_8b_general.asm
               CHECK_BTN2   0x000042    program     static C:\Users\NUC\MPLABXProjects\pic16f628a_two_7seg_disp.X\newpic_8b_general.asm
                COPY_UNIT   0x000080    program     static C:\Users\NUC\MPLABXProjects\pic16f628a_two_7seg_disp.X\newpic_8b_general.asm
                DEBOUNCE1   0x000038    program     static C:\Users\NUC\MPLABXProjects\pic16f628a_two_7seg_disp.X\newpic_8b_general.asm
                DEBOUNCE2   0x00005c    program     static C:\Users\NUC\MPLABXProjects\pic16f628a_two_7seg_disp.X\newpic_8b_general.asm
               DIGIT2_OFF   0x000079    program     static C:\Users\NUC\MPLABXProjects\pic16f628a_two_7seg_disp.X\newpic_8b_general.asm
                  DISPLAY   0x000061    program     static C:\Users\NUC\MPLABXProjects\pic16f628a_two_7seg_disp.X\newpic_8b_general.asm
                     LOOP   0x000018    program     static C:\Users\NUC\MPLABXProjects\pic16f628a_two_7seg_disp.X\newpic_8b_general.asm
                    START   0x000005    program     static C:\Users\NUC\MPLABXProjects\pic16f628a_two_7seg_disp.X\newpic_8b_general.asm
                 TMR0_ISR   0x00006d    program     static C:\Users\NUC\MPLABXProjects\pic16f628a_two_7seg_disp.X\newpic_8b_general.asm
                    bank0   0x00006f    program     static C:\Users\NUC\MPLABXProjects\pic16f628a_two_7seg_disp.X\newpic_8b_general.asm
                 exit_ISR   0x000083    program     static C:\Users\NUC\MPLABXProjects\pic16f628a_two_7seg_disp.X\newpic_8b_general.asm



                              Symbols - Sorted by Address
                     Name    Address   Location    Storage File                     
                ---------  ---------  ---------  --------- ---------                
                    START   0x000005    program     static C:\Users\NUC\MPLABXProjects\pic16f628a_two_7seg_disp.X\newpic_8b_general.asm
                     LOOP   0x000018    program     static C:\Users\NUC\MPLABXProjects\pic16f628a_two_7seg_disp.X\newpic_8b_general.asm
               BTN1_PRESS   0x00001b    program     static C:\Users\NUC\MPLABXProjects\pic16f628a_two_7seg_disp.X\newpic_8b_general.asm
               CHECK_BTN1   0x000020    program     static C:\Users\NUC\MPLABXProjects\pic16f628a_two_7seg_disp.X\newpic_8b_general.asm
                DEBOUNCE1   0x000038    program     static C:\Users\NUC\MPLABXProjects\pic16f628a_two_7seg_disp.X\newpic_8b_general.asm
               BTN2_PRESS   0x00003d    program     static C:\Users\NUC\MPLABXProjects\pic16f628a_two_7seg_disp.X\newpic_8b_general.asm
               CHECK_BTN2   0x000042    program     static C:\Users\NUC\MPLABXProjects\pic16f628a_two_7seg_disp.X\newpic_8b_general.asm
                DEBOUNCE2   0x00005c    program     static C:\Users\NUC\MPLABXProjects\pic16f628a_two_7seg_disp.X\newpic_8b_general.asm
                  DISPLAY   0x000061    program     static C:\Users\NUC\MPLABXProjects\pic16f628a_two_7seg_disp.X\newpic_8b_general.asm
                 TMR0_ISR   0x00006d    program     static C:\Users\NUC\MPLABXProjects\pic16f628a_two_7seg_disp.X\newpic_8b_general.asm
                    bank0   0x00006f    program     static C:\Users\NUC\MPLABXProjects\pic16f628a_two_7seg_disp.X\newpic_8b_general.asm
               DIGIT2_OFF   0x000079    program     static C:\Users\NUC\MPLABXProjects\pic16f628a_two_7seg_disp.X\newpic_8b_general.asm
                COPY_UNIT   0x000080    program     static C:\Users\NUC\MPLABXProjects\pic16f628a_two_7seg_disp.X\newpic_8b_general.asm
                 exit_ISR   0x000083    program     static C:\Users\NUC\MPLABXProjects\pic16f628a_two_7seg_disp.X\newpic_8b_general.asm


