MPLINK 5.08, LINKER
Linker Map File - Created Tue Sep 27 01:10:56 2022

                                 Section Info
                  Section       Type    Address   Location Size(Bytes)
                ---------  ---------  ---------  ---------  ---------
                 RES_VECT       code   0x000000    program   0x000002
                   .cinit    romdata   0x000001    program   0x000004
                   .org_0       code   0x000004    program   0x000002
                MAIN_PROG       code   0x000005    program   0x000020
.config_2007_BUILD/DEFAULT/PRODUCTION/PIC_8B_       code   0x002007    program   0x000002



                              Program Memory Usage 
                               Start         End      
                           ---------   ---------      
                            0x000000    0x000002      
                            0x000004    0x000014      
                            0x002007    0x002007      
            21 out of 1158 program addresses used, program memory utilization is 1%



                              Symbols - Sorted by Name
                     Name    Address   Location    Storage File                     
                ---------  ---------  ---------  --------- ---------                
                  CONTROL   0x00000f    program     static C:\Users\NUC\MPLABXProjects\pic16f627a_led_btn.X\pic_8b_general.asm
                    START   0x000005    program     static C:\Users\NUC\MPLABXProjects\pic16f627a_led_btn.X\pic_8b_general.asm
                 TURN_OFF   0x000013    program     static C:\Users\NUC\MPLABXProjects\pic16f627a_led_btn.X\pic_8b_general.asm



                              Symbols - Sorted by Address
                     Name    Address   Location    Storage File                     
                ---------  ---------  ---------  --------- ---------                
                    START   0x000005    program     static C:\Users\NUC\MPLABXProjects\pic16f627a_led_btn.X\pic_8b_general.asm
                  CONTROL   0x00000f    program     static C:\Users\NUC\MPLABXProjects\pic16f627a_led_btn.X\pic_8b_general.asm
                 TURN_OFF   0x000013    program     static C:\Users\NUC\MPLABXProjects\pic16f627a_led_btn.X\pic_8b_general.asm


