MPLINK 5.08, LINKER
Linker Map File - Created Sat Oct 22 01:53:01 2022

                                 Section Info
                  Section       Type    Address   Location Size(Bytes)
                ---------  ---------  ---------  ---------  ---------
                 RES_VECT       code   0x000000    program   0x000002
                   .cinit    romdata   0x000001    program   0x000004
                   .org_0       code   0x000004    program   0x000002
                MAIN_PROG       code   0x000005    program   0x000050
.config_2007_BUILD/DEFAULT/PRODUCTION/PIC_8B_       code   0x002007    program   0x000002



                              Program Memory Usage 
                               Start         End      
                           ---------   ---------      
                            0x000000    0x000002      
                            0x000004    0x00002c      
                            0x002007    0x002007      
            45 out of 1158 program addresses used, program memory utilization is 3%



                              Symbols - Sorted by Name
                     Name    Address   Location    Storage File                     
                ---------  ---------  ---------  --------- ---------                
                    CYCLE   0x000027    program     static C:\Users\NUC\MPLABXProject\asm_12f675_blink.X\pic_8b_general.asm
                    DELAY   0x000021    program     static C:\Users\NUC\MPLABXProject\asm_12f675_blink.X\pic_8b_general.asm
                      FOR   0x00001d    program     static C:\Users\NUC\MPLABXProject\asm_12f675_blink.X\pic_8b_general.asm
                     MAIN   0x000019    program     static C:\Users\NUC\MPLABXProject\asm_12f675_blink.X\pic_8b_general.asm
                   REPEAT   0x000023    program     static C:\Users\NUC\MPLABXProject\asm_12f675_blink.X\pic_8b_general.asm
                    START   0x000005    program     static C:\Users\NUC\MPLABXProject\asm_12f675_blink.X\pic_8b_general.asm
               TMR0_DELAY   0x000026    program     static C:\Users\NUC\MPLABXProject\asm_12f675_blink.X\pic_8b_general.asm



                              Symbols - Sorted by Address
                     Name    Address   Location    Storage File                     
                ---------  ---------  ---------  --------- ---------                
                    START   0x000005    program     static C:\Users\NUC\MPLABXProject\asm_12f675_blink.X\pic_8b_general.asm
                     MAIN   0x000019    program     static C:\Users\NUC\MPLABXProject\asm_12f675_blink.X\pic_8b_general.asm
                      FOR   0x00001d    program     static C:\Users\NUC\MPLABXProject\asm_12f675_blink.X\pic_8b_general.asm
                    DELAY   0x000021    program     static C:\Users\NUC\MPLABXProject\asm_12f675_blink.X\pic_8b_general.asm
                   REPEAT   0x000023    program     static C:\Users\NUC\MPLABXProject\asm_12f675_blink.X\pic_8b_general.asm
               TMR0_DELAY   0x000026    program     static C:\Users\NUC\MPLABXProject\asm_12f675_blink.X\pic_8b_general.asm
                    CYCLE   0x000027    program     static C:\Users\NUC\MPLABXProject\asm_12f675_blink.X\pic_8b_general.asm


