MPLINK 5.08, LINKER
Linker Map File - Created Fri Oct 21 04:55:26 2022

                                 Section Info
                  Section       Type    Address   Location Size(Bytes)
                ---------  ---------  ---------  ---------  ---------
                 RES_VECT       code   0x000000    program   0x000002
                   .cinit    romdata   0x000001    program   0x000004
                MAIN_PROG       code   0x000003    program   0x000032
                      ISR       code   0x000004    program   0x000000
.config_0FFF_BUILD/DEFAULT/PRODUCTION/PIC_8B_       code   0x000fff    program   0x000002



                              Program Memory Usage 
                               Start         End      
                           ---------   ---------      
                            0x000000    0x00001b      
                            0x000fff    0x000fff      
            29 out of 261 program addresses used, program memory utilization is 11%



                              Symbols - Sorted by Name
                     Name    Address   Location    Storage File                     
                ---------  ---------  ---------  --------- ---------                
                    DELAY   0x00000c    program     static C:\Users\NUC\MPLABXProject\pic10f200_blink.X\pic_8b_general.asm
                     LOOP   0x000007    program     static C:\Users\NUC\MPLABXProject\pic10f200_blink.X\pic_8b_general.asm
                   RETFIE   0x000004    program     static C:\Users\NUC\MPLABXProject\pic10f200_blink.X\pic_8b_general.asm
                    START   0x000003    program     static C:\Users\NUC\MPLABXProject\pic10f200_blink.X\pic_8b_general.asm
                    iloop   0x00000f    program     static C:\Users\NUC\MPLABXProject\pic10f200_blink.X\pic_8b_general.asm
                    jloop   0x000012    program     static C:\Users\NUC\MPLABXProject\pic10f200_blink.X\pic_8b_general.asm
                    kloop   0x000015    program     static C:\Users\NUC\MPLABXProject\pic10f200_blink.X\pic_8b_general.asm



                              Symbols - Sorted by Address
                     Name    Address   Location    Storage File                     
                ---------  ---------  ---------  --------- ---------                
                    START   0x000003    program     static C:\Users\NUC\MPLABXProject\pic10f200_blink.X\pic_8b_general.asm
                   RETFIE   0x000004    program     static C:\Users\NUC\MPLABXProject\pic10f200_blink.X\pic_8b_general.asm
                     LOOP   0x000007    program     static C:\Users\NUC\MPLABXProject\pic10f200_blink.X\pic_8b_general.asm
                    DELAY   0x00000c    program     static C:\Users\NUC\MPLABXProject\pic10f200_blink.X\pic_8b_general.asm
                    iloop   0x00000f    program     static C:\Users\NUC\MPLABXProject\pic10f200_blink.X\pic_8b_general.asm
                    jloop   0x000012    program     static C:\Users\NUC\MPLABXProject\pic10f200_blink.X\pic_8b_general.asm
                    kloop   0x000015    program     static C:\Users\NUC\MPLABXProject\pic10f200_blink.X\pic_8b_general.asm


