MPLINK 5.08, LINKER
Linker Map File - Created Sun Oct 23 22:23:08 2022

                                 Section Info
                  Section       Type    Address   Location Size(Bytes)
                ---------  ---------  ---------  ---------  ---------
                 RES_VECT       code   0x000000    program   0x000002
                   .cinit    romdata   0x000001    program   0x000004
                MAIN_PROG       code   0x000003    program   0x0000a4
.config_0FFF_BUILD/DEFAULT/PRODUCTION/PIC_8B_       code   0x000fff    program   0x000002



                              Program Memory Usage 
                               Start         End      
                           ---------   ---------      
                            0x000000    0x000054      
                            0x000fff    0x000fff      
            86 out of 261 program addresses used, program memory utilization is 32%



                              Symbols - Sorted by Name
                     Name    Address   Location    Storage File                     
                ---------  ---------  ---------  --------- ---------                
                    DELAY   0x00001c    program     static C:\Users\NUC\MPLABXProject\asm_10f200_6leds.X\pic_8b_simple.asm
               DELAY_LOOP   0x000020    program     static C:\Users\NUC\MPLABXProject\asm_10f200_6leds.X\pic_8b_simple.asm
                     INIT   0x000003    program     static C:\Users\NUC\MPLABXProject\asm_10f200_6leds.X\pic_8b_simple.asm
                     LED2   0x00002e    program     static C:\Users\NUC\MPLABXProject\asm_10f200_6leds.X\pic_8b_simple.asm
                     LED3   0x000035    program     static C:\Users\NUC\MPLABXProject\asm_10f200_6leds.X\pic_8b_simple.asm
                     LED4   0x00003c    program     static C:\Users\NUC\MPLABXProject\asm_10f200_6leds.X\pic_8b_simple.asm
                     LED5   0x000043    program     static C:\Users\NUC\MPLABXProject\asm_10f200_6leds.X\pic_8b_simple.asm
                     LED6   0x00004a    program     static C:\Users\NUC\MPLABXProject\asm_10f200_6leds.X\pic_8b_simple.asm
                LIGHT_LED   0x000051    program     static C:\Users\NUC\MPLABXProject\asm_10f200_6leds.X\pic_8b_simple.asm
                     LOOP   0x000007    program     static C:\Users\NUC\MPLABXProject\asm_10f200_6leds.X\pic_8b_simple.asm
               SELECT_LED   0x000027    program     static C:\Users\NUC\MPLABXProject\asm_10f200_6leds.X\pic_8b_simple.asm



                              Symbols - Sorted by Address
                     Name    Address   Location    Storage File                     
                ---------  ---------  ---------  --------- ---------                
                     INIT   0x000003    program     static C:\Users\NUC\MPLABXProject\asm_10f200_6leds.X\pic_8b_simple.asm
                     LOOP   0x000007    program     static C:\Users\NUC\MPLABXProject\asm_10f200_6leds.X\pic_8b_simple.asm
                    DELAY   0x00001c    program     static C:\Users\NUC\MPLABXProject\asm_10f200_6leds.X\pic_8b_simple.asm
               DELAY_LOOP   0x000020    program     static C:\Users\NUC\MPLABXProject\asm_10f200_6leds.X\pic_8b_simple.asm
               SELECT_LED   0x000027    program     static C:\Users\NUC\MPLABXProject\asm_10f200_6leds.X\pic_8b_simple.asm
                     LED2   0x00002e    program     static C:\Users\NUC\MPLABXProject\asm_10f200_6leds.X\pic_8b_simple.asm
                     LED3   0x000035    program     static C:\Users\NUC\MPLABXProject\asm_10f200_6leds.X\pic_8b_simple.asm
                     LED4   0x00003c    program     static C:\Users\NUC\MPLABXProject\asm_10f200_6leds.X\pic_8b_simple.asm
                     LED5   0x000043    program     static C:\Users\NUC\MPLABXProject\asm_10f200_6leds.X\pic_8b_simple.asm
                     LED6   0x00004a    program     static C:\Users\NUC\MPLABXProject\asm_10f200_6leds.X\pic_8b_simple.asm
                LIGHT_LED   0x000051    program     static C:\Users\NUC\MPLABXProject\asm_10f200_6leds.X\pic_8b_simple.asm


