MPLINK 5.08, LINKER
Linker Map File - Created Tue Oct 18 01:13:14 2022

                                 Section Info
                  Section       Type    Address   Location Size(Bytes)
                ---------  ---------  ---------  ---------  ---------
                 RES_VECT       code   0x000000    program   0x000002
                   .cinit    romdata   0x000001    program   0x000004
                   .org_0       code   0x000004    program   0x000002
                MAIN_PROG       code   0x000005    program   0x00016a
.config_2007_BUILD/DEFAULT/PRODUCTION/PIC_8B_       code   0x002007    program   0x000002
.config_2008_BUILD/DEFAULT/PRODUCTION/PIC_8B_       code   0x002008    program   0x000002



                              Program Memory Usage 
                               Start         End      
                           ---------   ---------      
                            0x000000    0x000002      
                            0x000004    0x0000b9      
                            0x002007    0x002008      
            187 out of 8455 program addresses used, program memory utilization is 2%



                              Symbols - Sorted by Name
                     Name    Address   Location    Storage File                     
                ---------  ---------  ---------  --------- ---------                
                 Blank_16   0x000064    program     static C:\Users\NUC\MPLABXProjects\asm_LCD_test1.X\pic_8b_simple.asm
                       D1   0x000039    program     static C:\Users\NUC\MPLABXProjects\asm_LCD_test1.X\pic_8b_simple.asm
                       D2   0x00003e    program     static C:\Users\NUC\MPLABXProjects\asm_LCD_test1.X\pic_8b_simple.asm
                Delay_125   0x000037    program     static C:\Users\NUC\MPLABXProjects\asm_LCD_test1.X\pic_8b_simple.asm
                  Delay_5   0x00003c    program     static C:\Users\NUC\MPLABXProjects\asm_LCD_test1.X\pic_8b_simple.asm
               Display_16   0x000046    program     static C:\Users\NUC\MPLABXProjects\asm_LCD_test1.X\pic_8b_simple.asm
                  GetChar   0x00004c    program     static C:\Users\NUC\MPLABXProjects\asm_LCD_test1.X\pic_8b_simple.asm
               GetMsgChar   0x000085    program     static C:\Users\NUC\MPLABXProjects\asm_LCD_test1.X\pic_8b_simple.asm
              GetMsgChar2   0x0000a0    program     static C:\Users\NUC\MPLABXProjects\asm_LCD_test1.X\pic_8b_simple.asm
                 LCD_Init   0x000026    program     static C:\Users\NUC\MPLABXProjects\asm_LCD_test1.X\pic_8b_simple.asm
                   Line_1   0x00006f    program     static C:\Users\NUC\MPLABXProjects\asm_LCD_test1.X\pic_8b_simple.asm
                   Line_2   0x000077    program     static C:\Users\NUC\MPLABXProjects\asm_LCD_test1.X\pic_8b_simple.asm
                     Loop   0x000025    program     static C:\Users\NUC\MPLABXProjects\asm_LCD_test1.X\pic_8b_simple.asm
                MSU_Store   0x00007f    program     static C:\Users\NUC\MPLABXProjects\asm_LCD_test1.X\pic_8b_simple.asm
                  Merge_4   0x00005e    program     static C:\Users\NUC\MPLABXProjects\asm_LCD_test1.X\pic_8b_simple.asm
                 NextChar   0x000051    program     static C:\Users\NUC\MPLABXProjects\asm_LCD_test1.X\pic_8b_simple.asm
                 Pulse_EN   0x000042    program     static C:\Users\NUC\MPLABXProjects\asm_LCD_test1.X\pic_8b_simple.asm
                    START   0x000005    program     static C:\Users\NUC\MPLABXProjects\asm_LCD_test1.X\pic_8b_simple.asm
                   Send_8   0x000053    program     static C:\Users\NUC\MPLABXProjects\asm_LCD_test1.X\pic_8b_simple.asm
                  StoreIt   0x000069    program     static C:\Users\NUC\MPLABXProjects\asm_LCD_test1.X\pic_8b_simple.asm
               Univ_Store   0x00009a    program     static C:\Users\NUC\MPLABXProjects\asm_LCD_test1.X\pic_8b_simple.asm
                  endStr1   0x00008f    program     static C:\Users\NUC\MPLABXProjects\asm_LCD_test1.X\pic_8b_simple.asm
                  endStr2   0x0000aa    program     static C:\Users\NUC\MPLABXProjects\asm_LCD_test1.X\pic_8b_simple.asm
                   incFSR   0x00006d    program     static C:\Users\NUC\MPLABXProjects\asm_LCD_test1.X\pic_8b_simple.asm
                     msg1   0x000090    program     static C:\Users\NUC\MPLABXProjects\asm_LCD_test1.X\pic_8b_simple.asm
                     msg2   0x0000ab    program     static C:\Users\NUC\MPLABXProjects\asm_LCD_test1.X\pic_8b_simple.asm



                              Symbols - Sorted by Address
                     Name    Address   Location    Storage File                     
                ---------  ---------  ---------  --------- ---------                
                    START   0x000005    program     static C:\Users\NUC\MPLABXProjects\asm_LCD_test1.X\pic_8b_simple.asm
                     Loop   0x000025    program     static C:\Users\NUC\MPLABXProjects\asm_LCD_test1.X\pic_8b_simple.asm
                 LCD_Init   0x000026    program     static C:\Users\NUC\MPLABXProjects\asm_LCD_test1.X\pic_8b_simple.asm
                Delay_125   0x000037    program     static C:\Users\NUC\MPLABXProjects\asm_LCD_test1.X\pic_8b_simple.asm
                       D1   0x000039    program     static C:\Users\NUC\MPLABXProjects\asm_LCD_test1.X\pic_8b_simple.asm
                  Delay_5   0x00003c    program     static C:\Users\NUC\MPLABXProjects\asm_LCD_test1.X\pic_8b_simple.asm
                       D2   0x00003e    program     static C:\Users\NUC\MPLABXProjects\asm_LCD_test1.X\pic_8b_simple.asm
                 Pulse_EN   0x000042    program     static C:\Users\NUC\MPLABXProjects\asm_LCD_test1.X\pic_8b_simple.asm
               Display_16   0x000046    program     static C:\Users\NUC\MPLABXProjects\asm_LCD_test1.X\pic_8b_simple.asm
                  GetChar   0x00004c    program     static C:\Users\NUC\MPLABXProjects\asm_LCD_test1.X\pic_8b_simple.asm
                 NextChar   0x000051    program     static C:\Users\NUC\MPLABXProjects\asm_LCD_test1.X\pic_8b_simple.asm
                   Send_8   0x000053    program     static C:\Users\NUC\MPLABXProjects\asm_LCD_test1.X\pic_8b_simple.asm
                  Merge_4   0x00005e    program     static C:\Users\NUC\MPLABXProjects\asm_LCD_test1.X\pic_8b_simple.asm
                 Blank_16   0x000064    program     static C:\Users\NUC\MPLABXProjects\asm_LCD_test1.X\pic_8b_simple.asm
                  StoreIt   0x000069    program     static C:\Users\NUC\MPLABXProjects\asm_LCD_test1.X\pic_8b_simple.asm
                   incFSR   0x00006d    program     static C:\Users\NUC\MPLABXProjects\asm_LCD_test1.X\pic_8b_simple.asm
                   Line_1   0x00006f    program     static C:\Users\NUC\MPLABXProjects\asm_LCD_test1.X\pic_8b_simple.asm
                   Line_2   0x000077    program     static C:\Users\NUC\MPLABXProjects\asm_LCD_test1.X\pic_8b_simple.asm
                MSU_Store   0x00007f    program     static C:\Users\NUC\MPLABXProjects\asm_LCD_test1.X\pic_8b_simple.asm
               GetMsgChar   0x000085    program     static C:\Users\NUC\MPLABXProjects\asm_LCD_test1.X\pic_8b_simple.asm
                  endStr1   0x00008f    program     static C:\Users\NUC\MPLABXProjects\asm_LCD_test1.X\pic_8b_simple.asm
                     msg1   0x000090    program     static C:\Users\NUC\MPLABXProjects\asm_LCD_test1.X\pic_8b_simple.asm
               Univ_Store   0x00009a    program     static C:\Users\NUC\MPLABXProjects\asm_LCD_test1.X\pic_8b_simple.asm
              GetMsgChar2   0x0000a0    program     static C:\Users\NUC\MPLABXProjects\asm_LCD_test1.X\pic_8b_simple.asm
                  endStr2   0x0000aa    program     static C:\Users\NUC\MPLABXProjects\asm_LCD_test1.X\pic_8b_simple.asm
                     msg2   0x0000ab    program     static C:\Users\NUC\MPLABXProjects\asm_LCD_test1.X\pic_8b_simple.asm


