MPLINK 5.08, LINKER
Linker Map File - Created Tue Oct 04 23:09:34 2022

                                 Section Info
                  Section       Type    Address   Location Size(Bytes)
                ---------  ---------  ---------  ---------  ---------
                 RES_VECT       code   0x000000    program   0x000002
                   .cinit    romdata   0x000001    program   0x000004
                   .org_0       code   0x000004    program   0x000002
                MAIN_PROG       code   0x000005    program   0x000032
.config_2007_BUILD/DEFAULT/PRODUCTION/PIC_8B_       code   0x002007    program   0x000002



                              Program Memory Usage 
                               Start         End      
                           ---------   ---------      
                            0x000000    0x000002      
                            0x000004    0x00001d      
                            0x002007    0x002007      
            30 out of 2182 program addresses used, program memory utilization is 1%



                              Symbols - Sorted by Name
                     Name    Address   Location    Storage File                     
                ---------  ---------  ---------  --------- ---------                
                 EXIT_ISR   0x00001a    program     static C:\Users\NUC\MPLABXProjects\pic16f628a_timer2.X\pic_8b_general.asm
                     LOOP   0x000010    program     static C:\Users\NUC\MPLABXProjects\pic16f628a_timer2.X\pic_8b_general.asm
                    START   0x000005    program     static C:\Users\NUC\MPLABXProjects\pic16f628a_timer2.X\pic_8b_general.asm
                 TMR2_ISR   0x000012    program     static C:\Users\NUC\MPLABXProjects\pic16f628a_timer2.X\pic_8b_general.asm



                              Symbols - Sorted by Address
                     Name    Address   Location    Storage File                     
                ---------  ---------  ---------  --------- ---------                
                    START   0x000005    program     static C:\Users\NUC\MPLABXProjects\pic16f628a_timer2.X\pic_8b_general.asm
                     LOOP   0x000010    program     static C:\Users\NUC\MPLABXProjects\pic16f628a_timer2.X\pic_8b_general.asm
                 TMR2_ISR   0x000012    program     static C:\Users\NUC\MPLABXProjects\pic16f628a_timer2.X\pic_8b_general.asm
                 EXIT_ISR   0x00001a    program     static C:\Users\NUC\MPLABXProjects\pic16f628a_timer2.X\pic_8b_general.asm


