MPLINK 5.08, LINKER
Linker Map File - Created Mon Oct 17 23:18:20 2022

                                 Section Info
                  Section       Type    Address   Location Size(Bytes)
                ---------  ---------  ---------  ---------  ---------
                 RES_VECT       code   0x000000    program   0x000002
                   .cinit    romdata   0x000001    program   0x000004
                   .org_0       code   0x000004    program   0x000002
                MAIN_PROG       code   0x000005    program   0x00005c
.config_2007_BUILD/DEFAULT/PRODUCTION/PIC_8B_       code   0x002007    program   0x000002
.config_2008_BUILD/DEFAULT/PRODUCTION/PIC_8B_       code   0x002008    program   0x000002



                              Program Memory Usage 
                               Start         End      
                           ---------   ---------      
                            0x000000    0x000002      
                            0x000004    0x000032      
                            0x002007    0x002008      
            52 out of 8455 program addresses used, program memory utilization is 0%



                              Symbols - Sorted by Name
                     Name    Address   Location    Storage File                     
                ---------  ---------  ---------  --------- ---------                
                  IntServ   0x000029    program     static C:\Users\NUC\MPLABXProjects\asm_sleep_RB0_int.X\pic_8b_general.asm
                    Jloop   0x00002d    program     static C:\Users\NUC\MPLABXProjects\asm_sleep_RB0_int.X\pic_8b_general.asm
                    Kloop   0x00002e    program     static C:\Users\NUC\MPLABXProjects\asm_sleep_RB0_int.X\pic_8b_general.asm
                       L1   0x000021    program     static C:\Users\NUC\MPLABXProjects\asm_sleep_RB0_int.X\pic_8b_general.asm
                   LIGHTS   0x00001f    program     static C:\Users\NUC\MPLABXProjects\asm_sleep_RB0_int.X\pic_8b_general.asm
                LongDelay   0x00002b    program     static C:\Users\NUC\MPLABXProjects\asm_sleep_RB0_int.X\pic_8b_general.asm
                    START   0x000005    program     static C:\Users\NUC\MPLABXProjects\asm_sleep_RB0_int.X\pic_8b_general.asm
                  WAKE_UP   0x00001b    program     static C:\Users\NUC\MPLABXProjects\asm_sleep_RB0_int.X\pic_8b_general.asm



                              Symbols - Sorted by Address
                     Name    Address   Location    Storage File                     
                ---------  ---------  ---------  --------- ---------                
                    START   0x000005    program     static C:\Users\NUC\MPLABXProjects\asm_sleep_RB0_int.X\pic_8b_general.asm
                  WAKE_UP   0x00001b    program     static C:\Users\NUC\MPLABXProjects\asm_sleep_RB0_int.X\pic_8b_general.asm
                   LIGHTS   0x00001f    program     static C:\Users\NUC\MPLABXProjects\asm_sleep_RB0_int.X\pic_8b_general.asm
                       L1   0x000021    program     static C:\Users\NUC\MPLABXProjects\asm_sleep_RB0_int.X\pic_8b_general.asm
                  IntServ   0x000029    program     static C:\Users\NUC\MPLABXProjects\asm_sleep_RB0_int.X\pic_8b_general.asm
                LongDelay   0x00002b    program     static C:\Users\NUC\MPLABXProjects\asm_sleep_RB0_int.X\pic_8b_general.asm
                    Jloop   0x00002d    program     static C:\Users\NUC\MPLABXProjects\asm_sleep_RB0_int.X\pic_8b_general.asm
                    Kloop   0x00002e    program     static C:\Users\NUC\MPLABXProjects\asm_sleep_RB0_int.X\pic_8b_general.asm


