MPLINK 5.08, LINKER
Linker Map File - Created Mon Oct 10 01:10:47 2022

                                 Section Info
                  Section       Type    Address   Location Size(Bytes)
                ---------  ---------  ---------  ---------  ---------
                 RES_VECT       code   0x000000    program   0x000002
                   .cinit    romdata   0x000001    program   0x000004
                   .org_0       code   0x000004    program   0x000002
                MAIN_PROG       code   0x000005    program   0x000056
.config_2007_BUILD/DEFAULT/PRODUCTION/PIC_8B_       code   0x002007    program   0x000002
.config_2008_BUILD/DEFAULT/PRODUCTION/PIC_8B_       code   0x002008    program   0x000002



                              Program Memory Usage 
                               Start         End      
                           ---------   ---------      
                            0x000000    0x000002      
                            0x000004    0x00002f      
                            0x002007    0x002008      
            49 out of 8455 program addresses used, program memory utilization is 0%



                              Symbols - Sorted by Name
                     Name    Address   Location    Storage File                     
                ---------  ---------  ---------  --------- ---------                
                    DELAY   0x00001c    program     static C:\Users\NUC\MPLABXProjects\pic16f887_osc_tmr1_led.X\pic_8b_general.asm
                 EXIT_ISR   0x00002b    program     static C:\Users\NUC\MPLABXProjects\pic16f887_osc_tmr1_led.X\pic_8b_general.asm
                    START   0x000005    program     static C:\Users\NUC\MPLABXProjects\pic16f887_osc_tmr1_led.X\pic_8b_general.asm
                 TMR1_ISR   0x00001f    program     static C:\Users\NUC\MPLABXProjects\pic16f887_osc_tmr1_led.X\pic_8b_general.asm
          _MAIN_PROG_0019   0x00001e    program     static C:\Users\NUC\MPLABXProjects\pic16f887_osc_tmr1_led.X\pic_8b_general.asm



                              Symbols - Sorted by Address
                     Name    Address   Location    Storage File                     
                ---------  ---------  ---------  --------- ---------                
                    START   0x000005    program     static C:\Users\NUC\MPLABXProjects\pic16f887_osc_tmr1_led.X\pic_8b_general.asm
                    DELAY   0x00001c    program     static C:\Users\NUC\MPLABXProjects\pic16f887_osc_tmr1_led.X\pic_8b_general.asm
          _MAIN_PROG_0019   0x00001e    program     static C:\Users\NUC\MPLABXProjects\pic16f887_osc_tmr1_led.X\pic_8b_general.asm
                 TMR1_ISR   0x00001f    program     static C:\Users\NUC\MPLABXProjects\pic16f887_osc_tmr1_led.X\pic_8b_general.asm
                 EXIT_ISR   0x00002b    program     static C:\Users\NUC\MPLABXProjects\pic16f887_osc_tmr1_led.X\pic_8b_general.asm


