MPLINK 5.08, LINKER
Linker Map File - Created Sun Oct 23 04:30:53 2022

                                 Section Info
                  Section       Type    Address   Location Size(Bytes)
                ---------  ---------  ---------  ---------  ---------
                 RES_VECT       code   0x000000    program   0x000002
                   .cinit    romdata   0x000001    program   0x000004
                MAIN_PROG       code   0x000003    program   0x000032
                      ISR       code   0x000004    program   0x000000
.config_0FFF_BUILD/DEFAULT/PRODUCTION/PIC_8B_       code   0x000fff    program   0x000002



                              Program Memory Usage 
                               Start         End      
                           ---------   ---------      
                            0x000000    0x00001b      
                            0x000fff    0x000fff      
            29 out of 261 program addresses used, program memory utilization is 11%



                              Symbols - Sorted by Name
                     Name    Address   Location    Storage File                     
                ---------  ---------  ---------  --------- ---------                
                    DELAY   0x000013    program     static C:\Users\NUC\MPLABXProject\asm_10f200_PWM_led.X\pic_8b_simple.asm
                       L1   0x000009    program     static C:\Users\NUC\MPLABXProject\asm_10f200_PWM_led.X\pic_8b_simple.asm
                       L2   0x000017    program     static C:\Users\NUC\MPLABXProject\asm_10f200_PWM_led.X\pic_8b_simple.asm
                       L3   0x000019    program     static C:\Users\NUC\MPLABXProject\asm_10f200_PWM_led.X\pic_8b_simple.asm
                     LOOP   0x000006    program     static C:\Users\NUC\MPLABXProject\asm_10f200_PWM_led.X\pic_8b_simple.asm
                   RETFIE   0x000004    program     static C:\Users\NUC\MPLABXProject\asm_10f200_PWM_led.X\pic_8b_simple.asm
                    START   0x000003    program     static C:\Users\NUC\MPLABXProject\asm_10f200_PWM_led.X\pic_8b_simple.asm
          _MAIN_PROG_0009   0x00000c    program     static C:\Users\NUC\MPLABXProject\asm_10f200_PWM_led.X\pic_8b_simple.asm



                              Symbols - Sorted by Address
                     Name    Address   Location    Storage File                     
                ---------  ---------  ---------  --------- ---------                
                    START   0x000003    program     static C:\Users\NUC\MPLABXProject\asm_10f200_PWM_led.X\pic_8b_simple.asm
                   RETFIE   0x000004    program     static C:\Users\NUC\MPLABXProject\asm_10f200_PWM_led.X\pic_8b_simple.asm
                     LOOP   0x000006    program     static C:\Users\NUC\MPLABXProject\asm_10f200_PWM_led.X\pic_8b_simple.asm
                       L1   0x000009    program     static C:\Users\NUC\MPLABXProject\asm_10f200_PWM_led.X\pic_8b_simple.asm
          _MAIN_PROG_0009   0x00000c    program     static C:\Users\NUC\MPLABXProject\asm_10f200_PWM_led.X\pic_8b_simple.asm
                    DELAY   0x000013    program     static C:\Users\NUC\MPLABXProject\asm_10f200_PWM_led.X\pic_8b_simple.asm
                       L2   0x000017    program     static C:\Users\NUC\MPLABXProject\asm_10f200_PWM_led.X\pic_8b_simple.asm
                       L3   0x000019    program     static C:\Users\NUC\MPLABXProject\asm_10f200_PWM_led.X\pic_8b_simple.asm


