MPLINK 5.08, LINKER
Linker Map File - Created Tue Oct 04 22:05:16 2022

                                 Section Info
                  Section       Type    Address   Location Size(Bytes)
                ---------  ---------  ---------  ---------  ---------
                 RES_VECT       code   0x000000    program   0x000002
                   .cinit    romdata   0x000001    program   0x000004
                   .org_0       code   0x000004    program   0x000002
                MAIN_PROG       code   0x000005    program   0x000034
.config_2007_BUILD/DEFAULT/PRODUCTION/PIC_8B_       code   0x002007    program   0x000002
.config_2008_BUILD/DEFAULT/PRODUCTION/PIC_8B_       code   0x002008    program   0x000002



                              Program Memory Usage 
                               Start         End      
                           ---------   ---------      
                            0x000000    0x000002      
                            0x000004    0x00001e      
                            0x002007    0x002008      
            32 out of 8455 program addresses used, program memory utilization is 0%



                              Symbols - Sorted by Name
                     Name    Address   Location    Storage File                     
                ---------  ---------  ---------  --------- ---------                
                  RB0_ISR   0x000014    program     static C:\Users\NUC\MPLABXProjects\pic16f887_rb0_exti.X\pic_8b_general.asm
                    START   0x000005    program     static C:\Users\NUC\MPLABXProjects\pic16f887_rb0_exti.X\pic_8b_general.asm
          _MAIN_PROG_000E   0x000013    program     static C:\Users\NUC\MPLABXProjects\pic16f887_rb0_exti.X\pic_8b_general.asm



                              Symbols - Sorted by Address
                     Name    Address   Location    Storage File                     
                ---------  ---------  ---------  --------- ---------                
                    START   0x000005    program     static C:\Users\NUC\MPLABXProjects\pic16f887_rb0_exti.X\pic_8b_general.asm
          _MAIN_PROG_000E   0x000013    program     static C:\Users\NUC\MPLABXProjects\pic16f887_rb0_exti.X\pic_8b_general.asm
                  RB0_ISR   0x000014    program     static C:\Users\NUC\MPLABXProjects\pic16f887_rb0_exti.X\pic_8b_general.asm


