MPLINK 5.08, LINKER
Linker Map File - Created Sun Sep 25 02:52:50 2022

                                 Section Info
                  Section       Type    Address   Location Size(Bytes)
                ---------  ---------  ---------  ---------  ---------
                 RES_VECT       code   0x000000    program   0x000002
                   .cinit    romdata   0x000001    program   0x000004
                   .org_0       code   0x000004    program   0x000002
                MAIN_PROG       code   0x000005    program   0x00001c
.config_2007_BUILD/DEFAULT/PRODUCTION/NEWPIC_       code   0x002007    program   0x000002



                              Program Memory Usage 
                               Start         End      
                           ---------   ---------      
                            0x000000    0x000002      
                            0x000004    0x000012      
                            0x002007    0x002007      
            19 out of 8454 program addresses used, program memory utilization is 0%



                              Symbols - Sorted by Name
                     Name    Address   Location    Storage File                     
                ---------  ---------  ---------  --------- ---------                
                     LOOP   0x00000d    program     static C:\Users\NUC\MPLABXProjects\pic16f876a_first_assembly.X\newpic_8b_general.asm
                    START   0x000005    program     static C:\Users\NUC\MPLABXProjects\pic16f876a_first_assembly.X\newpic_8b_general.asm
                 TURN_OFF   0x000011    program     static C:\Users\NUC\MPLABXProjects\pic16f876a_first_assembly.X\newpic_8b_general.asm



                              Symbols - Sorted by Address
                     Name    Address   Location    Storage File                     
                ---------  ---------  ---------  --------- ---------                
                    START   0x000005    program     static C:\Users\NUC\MPLABXProjects\pic16f876a_first_assembly.X\newpic_8b_general.asm
                     LOOP   0x00000d    program     static C:\Users\NUC\MPLABXProjects\pic16f876a_first_assembly.X\newpic_8b_general.asm
                 TURN_OFF   0x000011    program     static C:\Users\NUC\MPLABXProjects\pic16f876a_first_assembly.X\newpic_8b_general.asm


